// Jest Snapshot v1, https://goo.gl/fbAQLP

exports[`<About /> render as expect 1`] = `ReactWrapper {}`;
