// Jest Snapshot v1, https://goo.gl/fbAQLP

exports[`<ProductItem /> render as expect 1`] = `ReactWrapper {}`;
