// Jest Snapshot v1, https://goo.gl/fbAQLP

exports[`withLoading loading as expect 1`] = `ReactWrapper {}`;

exports[`withLoading not loading as expect 1`] = `ReactWrapper {}`;
