// Jest Snapshot v1, https://goo.gl/fbAQLP

exports[`<ProductList /> render as expect 1`] = `ReactWrapper {}`;
